Component: ARM Compiler 5.06 update 7 (build 960) Tool: armlink [4d3601]

==============================================================================

Section Cross References

    startup_lpc17xx.o(STACK) refers (Special) to heapauxi.o(.text) for __use_two_region_memory
    startup_lpc17xx.o(HEAP) refers (Special) to heapauxi.o(.text) for __use_two_region_memory
    startup_lpc17xx.o(RESET) refers (Special) to heapauxi.o(.text) for __use_two_region_memory
    startup_lpc17xx.o(RESET) refers to startup_lpc17xx.o(STACK) for __initial_sp
    startup_lpc17xx.o(RESET) refers to startup_lpc17xx.o(.text) for Reset_Handler
    startup_lpc17xx.o(.ARM.__at_0x02FC) refers (Special) to heapauxi.o(.text) for __use_two_region_memory
    startup_lpc17xx.o(.text) refers (Special) to heapauxi.o(.text) for __use_two_region_memory
    startup_lpc17xx.o(.text) refers to system_lpc17xx.o(i.SystemInit) for SystemInit
    startup_lpc17xx.o(.text) refers to l1.2.o(L1) for __main
    startup_lpc17xx.o(.text) refers to startup_lpc17xx.o(HEAP) for Heap_Mem
    startup_lpc17xx.o(.text) refers to startup_lpc17xx.o(STACK) for Stack_Mem
    system_lpc17xx.o(i.SystemCoreClockUpdate) refers to lludivv7m.o(.text) for __aeabi_uldivmod
    system_lpc17xx.o(i.SystemCoreClockUpdate) refers to system_lpc17xx.o(.data) for SystemCoreClock
    aeabi_ldiv0_sigfpe.o(.text) refers to rt_div0.o(.text) for __rt_div0
    rt_div0.o(.text) refers to defsig_fpe_outer.o(.text) for __rt_SIGFPE
    defsig_fpe_outer.o(.text) refers to defsig_fpe_inner.o(.text) for __rt_SIGFPE_inner
    defsig_fpe_outer.o(.text) refers to defsig_exit.o(.text) for __sig_exit
    defsig_fpe_formal.o(.text) refers to rt_raise.o(.text) for __rt_raise
    rt_raise.o(.text) refers to __raise.o(.text) for __raise
    rt_raise.o(.text) refers to sys_exit.o(.text) for _sys_exit
    defsig_exit.o(.text) refers to sys_exit.o(.text) for _sys_exit
    defsig_fpe_inner.o(.text) refers to defsig_general.o(.text) for __default_signal_display
    sys_exit.o(.text) refers (Special) to use_no_semi.o(.text) for __I$use$semihosting
    sys_exit.o(.text) refers (Special) to indicate_semi.o(.text) for __semihosting_library_function
    __raise.o(.text) refers to defsig.o(CL$$defsig) for __default_signal_handler
    defsig_general.o(.text) refers to sys_wrch.o(.text) for _ttywrch
    sys_wrch.o(.text) refers (Special) to use_no_semi.o(.text) for __I$use$semihosting
    sys_wrch.o(.text) refers (Special) to indicate_semi.o(.text) for __semihosting_library_function
    defsig.o(CL$$defsig) refers to defsig_fpe_inner.o(.text) for __rt_SIGFPE_inner
    defsig_abrt_inner.o(.text) refers to defsig_general.o(.text) for __default_signal_display
    defsig_rtred_inner.o(.text) refers to defsig_general.o(.text) for __default_signal_display
    defsig_rtmem_inner.o(.text) refers to defsig_general.o(.text) for __default_signal_display
    defsig_stak_inner.o(.text) refers to defsig_general.o(.text) for __default_signal_display
    defsig_pvfn_inner.o(.text) refers to defsig_general.o(.text) for __default_signal_display
    defsig_cppl_inner.o(.text) refers to defsig_general.o(.text) for __default_signal_display
    defsig_segv_inner.o(.text) refers to defsig_general.o(.text) for __default_signal_display
    defsig_other.o(.text) refers to defsig_general.o(.text) for __default_signal_display


==============================================================================

Image Symbol Table

    Local Symbols

    Symbol Name                              Value     Ov Type        Size  Object(Section)

    RESET                                    0x00000000   Section      204  startup_lpc17xx.o(RESET)
    ../clib/angel/rt.s                       0x00000000   Number         0  aeabi_ldiv0_sigfpe.o ABSOLUTE
    ../clib/angel/rt.s                       0x00000000   Number         0  aeabi_ldiv0.o ABSOLUTE
    ../clib/angel/rt.s                       0x00000000   Number         0  rt_raise.o ABSOLUTE
    ../clib/angel/rt.s                       0x00000000   Number         0  rt_div0.o ABSOLUTE
    ../clib/angel/sys.s                      0x00000000   Number         0  use_no_semi.o ABSOLUTE
    ../clib/angel/sys.s                      0x00000000   Number         0  indicate_semi.o ABSOLUTE
    ../clib/angel/sysapp.c                   0x00000000   Number         0  sys_wrch.o ABSOLUTE
    ../clib/angel/sysapp.c                   0x00000000   Number         0  sys_exit.o ABSOLUTE
    ../clib/heapaux.c                        0x00000000   Number         0  heapauxi.o ABSOLUTE
    ../clib/longlong.s                       0x00000000   Number         0  lludivv7m.o ABSOLUTE
    ../clib/signal.c                         0x00000000   Number         0  defsig_general.o ABSOLUTE
    ../clib/signal.c                         0x00000000   Number         0  __raise.o ABSOLUTE
    ../clib/signal.c                         0x00000000   Number         0  defsig_rtmem_inner.o ABSOLUTE
    ../clib/signal.c                         0x00000000   Number         0  defsig_fpe_inner.o ABSOLUTE
    ../clib/signal.c                         0x00000000   Number         0  defsig_exit.o ABSOLUTE
    ../clib/signal.c                         0x00000000   Number         0  defsig_fpe_outer.o ABSOLUTE
    ../clib/signal.c                         0x00000000   Number         0  defsig_other.o ABSOLUTE
    ../clib/signal.c                         0x00000000   Number         0  defsig_fpe_formal.o ABSOLUTE
    ../clib/signal.c                         0x00000000   Number         0  defsig_abrt_inner.o ABSOLUTE
    ../clib/signal.c                         0x00000000   Number         0  defsig_rtred_inner.o ABSOLUTE
    ../clib/signal.c                         0x00000000   Number         0  defsig_stak_inner.o ABSOLUTE
    ../clib/signal.c                         0x00000000   Number         0  defsig_pvfn_inner.o ABSOLUTE
    ../clib/signal.c                         0x00000000   Number         0  defsig_cppl_inner.o ABSOLUTE
    ../clib/signal.c                         0x00000000   Number         0  defsig_segv_inner.o ABSOLUTE
    ../clib/signal.s                         0x00000000   Number         0  defsig.o ABSOLUTE
    L1.2.s                                   0x00000000   Number         0  l1.2.o ABSOLUTE
    RTE\Device\LPC1768\startup_LPC17xx.s     0x00000000   Number         0  startup_lpc17xx.o ABSOLUTE
    RTE\Device\LPC1768\system_LPC17xx.c      0x00000000   Number         0  system_lpc17xx.o ABSOLUTE
    RTE\\Device\\LPC1768\\system_LPC17xx.c   0x00000000   Number         0  system_lpc17xx.o ABSOLUTE
    dc.s                                     0x00000000   Number         0  dc.o ABSOLUTE
    .rev16_text                              0x000000cc   Section        4  system_lpc17xx.o(.rev16_text)
    .revsh_text                              0x000000d0   Section        4  system_lpc17xx.o(.revsh_text)
    .rrx_text                                0x000000d4   Section        6  system_lpc17xx.o(.rrx_text)
    .text                                    0x000000dc   Section       60  startup_lpc17xx.o(.text)
    .text                                    0x00000118   Section      238  lludivv7m.o(.text)
    .text                                    0x00000206   Section        0  heapauxi.o(.text)
    L1                                       0x0000020c   Section      112  l1.2.o(L1)
    .ARM.__at_0x02FC                         0x000002fc   Section        4  startup_lpc17xx.o(.ARM.__at_0x02FC)
    i.SystemCoreClockUpdate                  0x00000300   Section        0  system_lpc17xx.o(i.SystemCoreClockUpdate)
    i.SystemInit                             0x000004a8   Section        0  system_lpc17xx.o(i.SystemInit)
    STACK                                    0x10000000   Section      512  startup_lpc17xx.o(STACK)
    Stack_Mem                                0x10000000   Data         512  startup_lpc17xx.o(STACK)
    __initial_sp                             0x10000200   Data           0  startup_lpc17xx.o(STACK)
    .data                                    0x2007c000   Section        4  system_lpc17xx.o(.data)
    HEAP                                     0x2007c008   Section        0  startup_lpc17xx.o(HEAP)
    Heap_Mem                                 0x2007c008   Data           0  startup_lpc17xx.o(HEAP)

    Global Symbols

    Symbol Name                              Value     Ov Type        Size  Object(Section)

    BuildAttributes$$THM_ISAv4$P$D$K$B$S$PE$A:L22UL41UL21$X:L11$S22US41US21$IEEE1$IW$USESV6$~STKCKD$USESV7$~SHL$OSPACE$ROPI$EBA8$STANDARDLIB$REQ8$PRES8$EABIv2 0x00000000   Number         0  anon$$obj.o ABSOLUTE
    __Vectors                                0x00000000   Data           4  startup_lpc17xx.o(RESET)
    __sigvec_lookup                           - Undefined Weak Reference
    __asm___16_system_LPC17xx_c_5d646a67____REV16 0x000000cd   Thumb Code     4  system_lpc17xx.o(.rev16_text)
    __asm___16_system_LPC17xx_c_5d646a67____REVSH 0x000000d1   Thumb Code     4  system_lpc17xx.o(.revsh_text)
    __asm___16_system_LPC17xx_c_5d646a67____RRX 0x000000d5   Thumb Code     6  system_lpc17xx.o(.rrx_text)
    Reset_Handler                            0x000000dd   Thumb Code     8  startup_lpc17xx.o(.text)
    NMI_Handler                              0x000000e5   Thumb Code     2  startup_lpc17xx.o(.text)
    HardFault_Handler                        0x000000e7   Thumb Code     2  startup_lpc17xx.o(.text)
    MemManage_Handler                        0x000000e9   Thumb Code     2  startup_lpc17xx.o(.text)
    BusFault_Handler                         0x000000eb   Thumb Code     2  startup_lpc17xx.o(.text)
    UsageFault_Handler                       0x000000ed   Thumb Code     2  startup_lpc17xx.o(.text)
    SVC_Handler                              0x000000ef   Thumb Code     2  startup_lpc17xx.o(.text)
    DebugMon_Handler                         0x000000f1   Thumb Code     2  startup_lpc17xx.o(.text)
    PendSV_Handler                           0x000000f3   Thumb Code     2  startup_lpc17xx.o(.text)
    SysTick_Handler                          0x000000f5   Thumb Code     2  startup_lpc17xx.o(.text)
    ADC_IRQHandler                           0x000000f7   Thumb Code     0  startup_lpc17xx.o(.text)
    BOD_IRQHandler                           0x000000f7   Thumb Code     0  startup_lpc17xx.o(.text)
    CANActivity_IRQHandler                   0x000000f7   Thumb Code     0  startup_lpc17xx.o(.text)
    CAN_IRQHandler                           0x000000f7   Thumb Code     0  startup_lpc17xx.o(.text)
    DMA_IRQHandler                           0x000000f7   Thumb Code     0  startup_lpc17xx.o(.text)
    EINT0_IRQHandler                         0x000000f7   Thumb Code     0  startup_lpc17xx.o(.text)
    EINT1_IRQHandler                         0x000000f7   Thumb Code     0  startup_lpc17xx.o(.text)
    EINT2_IRQHandler                         0x000000f7   Thumb Code     0  startup_lpc17xx.o(.text)
    EINT3_IRQHandler                         0x000000f7   Thumb Code     0  startup_lpc17xx.o(.text)
    ENET_IRQHandler                          0x000000f7   Thumb Code     0  startup_lpc17xx.o(.text)
    I2C0_IRQHandler                          0x000000f7   Thumb Code     0  startup_lpc17xx.o(.text)
    I2C1_IRQHandler                          0x000000f7   Thumb Code     0  startup_lpc17xx.o(.text)
    I2C2_IRQHandler                          0x000000f7   Thumb Code     0  startup_lpc17xx.o(.text)
    I2S_IRQHandler                           0x000000f7   Thumb Code     0  startup_lpc17xx.o(.text)
    MCPWM_IRQHandler                         0x000000f7   Thumb Code     0  startup_lpc17xx.o(.text)
    PLL0_IRQHandler                          0x000000f7   Thumb Code     0  startup_lpc17xx.o(.text)
    PLL1_IRQHandler                          0x000000f7   Thumb Code     0  startup_lpc17xx.o(.text)
    PWM1_IRQHandler                          0x000000f7   Thumb Code     0  startup_lpc17xx.o(.text)
    QEI_IRQHandler                           0x000000f7   Thumb Code     0  startup_lpc17xx.o(.text)
    RIT_IRQHandler                           0x000000f7   Thumb Code     0  startup_lpc17xx.o(.text)
    RTC_IRQHandler                           0x000000f7   Thumb Code     0  startup_lpc17xx.o(.text)
    SPI_IRQHandler                           0x000000f7   Thumb Code     0  startup_lpc17xx.o(.text)
    SSP0_IRQHandler                          0x000000f7   Thumb Code     0  startup_lpc17xx.o(.text)
    SSP1_IRQHandler                          0x000000f7   Thumb Code     0  startup_lpc17xx.o(.text)
    TIMER0_IRQHandler                        0x000000f7   Thumb Code     0  startup_lpc17xx.o(.text)
    TIMER1_IRQHandler                        0x000000f7   Thumb Code     0  startup_lpc17xx.o(.text)
    TIMER2_IRQHandler                        0x000000f7   Thumb Code     0  startup_lpc17xx.o(.text)
    TIMER3_IRQHandler                        0x000000f7   Thumb Code     0  startup_lpc17xx.o(.text)
    UART0_IRQHandler                         0x000000f7   Thumb Code     0  startup_lpc17xx.o(.text)
    UART1_IRQHandler                         0x000000f7   Thumb Code     0  startup_lpc17xx.o(.text)
    UART2_IRQHandler                         0x000000f7   Thumb Code     0  startup_lpc17xx.o(.text)
    UART3_IRQHandler                         0x000000f7   Thumb Code     0  startup_lpc17xx.o(.text)
    USBActivity_IRQHandler                   0x000000f7   Thumb Code     0  startup_lpc17xx.o(.text)
    USB_IRQHandler                           0x000000f7   Thumb Code     0  startup_lpc17xx.o(.text)
    WDT_IRQHandler                           0x000000f7   Thumb Code     0  startup_lpc17xx.o(.text)
    __user_initial_stackheap                 0x000000f9   Thumb Code     0  startup_lpc17xx.o(.text)
    __aeabi_uldivmod                         0x00000119   Thumb Code     0  lludivv7m.o(.text)
    _ll_udiv                                 0x00000119   Thumb Code   238  lludivv7m.o(.text)
    __use_two_region_memory                  0x00000207   Thumb Code     2  heapauxi.o(.text)
    __rt_heap_escrow$2region                 0x00000209   Thumb Code     2  heapauxi.o(.text)
    __rt_heap_expand$2region                 0x0000020b   Thumb Code     2  heapauxi.o(.text)
    __main                                   0x0000020d   Thumb Code    88  l1.2.o(L1)
    SystemCoreClockUpdate                    0x00000301   Thumb Code   408  system_lpc17xx.o(i.SystemCoreClockUpdate)
    SystemInit                               0x000004a9   Thumb Code   302  system_lpc17xx.o(i.SystemInit)
    SystemCoreClock                          0x2007c000   Data           4  system_lpc17xx.o(.data)



==============================================================================

Memory Map of the image

  Image entry point : Not specified.

  Load Region LR_IROM1 (Base: 0x00000000, Size: 0x000005ec, Max: 0x00080000, ABSOLUTE)

    Execution Region ER_IROM1 (Exec base: 0x00000000, Load base: 0x00000000, Size: 0x000005e8, Max: 0x00080000, ABSOLUTE)

    Exec Addr    Load Addr    Size         Type   Attr      Idx    E Section Name        Object

    0x00000000   0x00000000   0x000000cc   Data   RO            9    RESET               startup_lpc17xx.o
    0x000000cc   0x000000cc   0x00000004   Code   RO           17    .rev16_text         system_lpc17xx.o
    0x000000d0   0x000000d0   0x00000004   Code   RO           18    .revsh_text         system_lpc17xx.o
    0x000000d4   0x000000d4   0x00000006   Code   RO           19    .rrx_text           system_lpc17xx.o
    0x000000da   0x000000da   0x00000002   PAD
    0x000000dc   0x000000dc   0x0000003c   Code   RO           11    .text               startup_lpc17xx.o
    0x00000118   0x00000118   0x000000ee   Code   RO           78    .text               c_w.l(lludivv7m.o)
    0x00000206   0x00000206   0x00000006   Code   RO           80    .text               c_w.l(heapauxi.o)
    0x0000020c   0x0000020c   0x00000070   Code   RO            1    L1                  l1.2.o
    0x0000027c   0x0000027c   0x00000080   PAD
    0x000002fc   0x000002fc   0x00000004   Code   RO           10    .ARM.__at_0x02FC    startup_lpc17xx.o
    0x00000300   0x00000300   0x000001a8   Code   RO           20    i.SystemCoreClockUpdate  system_lpc17xx.o
    0x000004a8   0x000004a8   0x00000140   Code   RO           21    i.SystemInit        system_lpc17xx.o


    Execution Region RW_IRAM1 (Exec base: 0x10000000, Load base: 0x000005e8, Size: 0x00000200, Max: 0x00008000, ABSOLUTE)

    Exec Addr    Load Addr    Size         Type   Attr      Idx    E Section Name        Object

    0x10000000        -       0x00000200   Zero   RW            7    STACK               startup_lpc17xx.o


    Execution Region RW_IRAM2 (Exec base: 0x2007c000, Load base: 0x000005e8, Size: 0x00000008, Max: 0x00008000, ABSOLUTE)

    Exec Addr    Load Addr    Size         Type   Attr      Idx    E Section Name        Object

    0x2007c000   0x000005e8   0x00000004   Data   RW           22    .data               system_lpc17xx.o
    0x2007c004   0x000005ec   0x00000004   PAD
    0x2007c008        -       0x00000000   Zero   RW            8    HEAP                startup_lpc17xx.o


==============================================================================

Image component sizes


      Code (inc. data)   RO Data    RW Data    ZI Data      Debug   Object Name

       112         24          0          0          0        352   l1.2.o
        64         26        204          0        512       1004   startup_lpc17xx.o
       758         34          0          4          0       7231   system_lpc17xx.o

    ----------------------------------------------------------------------
      1064        212        204          4        516       8587   Object Totals
         0          0          0          0          0          0   (incl. Generated)
       130        128          0          0          4          0   (incl. Padding)

    ----------------------------------------------------------------------

      Code (inc. data)   RO Data    RW Data    ZI Data      Debug   Library Member Name

         6          0          0          0          0        152   heapauxi.o
       238          0          0          0          0        100   lludivv7m.o

    ----------------------------------------------------------------------
       244          0          0          0          0        252   Library Totals
         0          0          0          0          0          0   (incl. Padding)

    ----------------------------------------------------------------------

      Code (inc. data)   RO Data    RW Data    ZI Data      Debug   Library Name

       244          0          0          0          0        252   c_w.l

    ----------------------------------------------------------------------
       244          0          0          0          0        252   Library Totals

    ----------------------------------------------------------------------

==============================================================================


      Code (inc. data)   RO Data    RW Data    ZI Data      Debug   

      1308        212        204          4        516       8527   Grand Totals
      1308        212        204          4        516       8527   ELF Image Totals
      1308        212        204          4          0          0   ROM Totals

==============================================================================

    Total RO  Size (Code + RO Data)                 1512 (   1.48kB)
    Total RW  Size (RW Data + ZI Data)               520 (   0.51kB)
    Total ROM Size (Code + RO Data + RW Data)       1516 (   1.48kB)

==============================================================================

